Test succeeded! Image saved.